I'm sorry, but errors were detected in your script. Please correct the
errors listed below, and try again.


The label next1 is defined twice, at
  File "game/minigame_pe.rpy", line 45 and
  File "game/script.rpy", line 127.

Ren'Py Version: Ren'Py 6.99.12.4.2187
